// Jest Snapshot v1, https://goo.gl/fbAQLP

exports[`render snapshop testing renders correctly 1`] = `ShallowWrapper {}`;
