// Jest Snapshot v1, https://goo.gl/fbAQLP

exports[`Render Test case: expect rendering correct 1`] = `
.c0 {
  display: -webkit-box;
  display: -webkit-flex;
  display: -ms-flexbox;
  display: flex;
  -webkit-box-pack: justify;
  -webkit-justify-content: space-between;
  -ms-flex-pack: justify;
  justify-content: space-between;
  height: 100%;
}

.c2 {
  font-size: 1.875rem;
  font-weight: bold;
  margin: 0.625rem;
}

.c1 {
  display: -webkit-box;
  display: -webkit-flex;
  display: -ms-flexbox;
  display: flex;
  -webkit-flex-direction: column;
  -ms-flex-direction: column;
  flex-direction: column;
  -webkit-box-pack: start;
  -webkit-justify-content: flex-start;
  -ms-flex-pack: start;
  justify-content: flex-start;
  -webkit-align-items: center;
  -webkit-box-align: center;
  -ms-flex-align: center;
  align-items: center;
  padding-top: 5%;
  width: 49%;
  border: 0.0625rem solid black;
  padding: 1.25rem 0;
  box-sizing: border-box;
}

.c3 {
  border: 0.0625rem dashed #000;
  border-radius: 0.625rem;
  padding: 1.25rem;
  background-color: #fafbfa;
  min-width: 14.0625rem;
  min-height: 12.8125rem;
}

<div>
  <div>
    <input
      data-testid="input"
      inputmode="numeric"
      type="text"
      value=""
    />
    <button
      data-testid="filter"
      type="button"
    >
      filter
    </button>
    <div
      data-testid="total"
    >
      $0.00
    </div>
    <div
      class="c0"
    >
      <div
        class="c1"
      >
        <div
          class="c2"
        >
          Results
        </div>
        <div
          class="c3"
        >
          <div
            data-testid="loading"
          >
            Loading...
          </div>
        </div>
      </div>
      <div
        class="c1"
      >
        <div
          class="c2"
        >
          Saved Properties
        </div>
        <div
          class="c3"
        >
          <div
            data-testid="loading"
          >
            Loading...
          </div>
        </div>
      </div>
    </div>
  </div>
</div>
`;
